main.c:68:6:setTimer1	16	static
main.c:72:6:timerRun	4	static
main.c:104:6:uart_communication_fsm	8	static
main.c:125:6:command_parser_fsm	16	static
main.c:210:6:HAL_UART_RxCpltCallback	16	static
main.c:225:5:main	8	static
main.c:281:6:SystemClock_Config	88	static
main.c:324:13:MX_ADC1_Init	24	static
main.c:369:13:MX_TIM2_Init	32	static
main.c:414:13:MX_USART2_UART_Init	8	static
main.c:447:13:MX_GPIO_Init	32	static
main.c:467:6:HAL_TIM_PeriodElapsedCallback	16	static
main.c:476:6:Error_Handler	4	static,ignoring_inline_asm
